contact,donor position,donor residue,acceptor position,acceptor residue,median distance
GLU3_OE1-ALA4_N-H,3,GLU,4,ALA,2.41157765425863
GLU3_O-ALA5_N-H,3,GLU,5,ALA,2.6227281274935987
PRO7_O-ALA10_N-H,7,PRO,10,ALA,2.076830478260135
PRO21_O-ASP24_N-H,21,PRO,24,ASP,2.553390390163735
VAL22_O-ASP24_N-H,22,VAL,24,ASP,2.1470030140604575
PRO31_O-GLU33_N-H,31,PRO,33,GLU,2.7488040585297324
PRO31_O-GLU34_N-H,31,PRO,34,GLU,2.582435550148608
GLU34_OE1-GLN36_NE2-HE22,34,GLU,36,GLN,2.7047949367443667
GLU34_OE2-GLN36_N-H,34,GLU,36,GLN,2.114077042875901
GLU34_OE2-GLN36_NE2-HE22,34,GLU,36,GLN,2.0094124520367798
GLU34_O-VAL37_N-H,34,GLU,37,VAL,2.3649924339894763
SER35_OG-LEU46_N-H,35,SER,46,LEU,2.223123325561199
VAL37_O-ALA39_N-H,37,VAL,39,ALA,2.4177070303281525
SER64_OG-ARG67_NH1-HH12,64,SER,67,ARG,1.9717909041353483
SER64_OG-ARG67_NH2-HH22,64,SER,67,ARG,2.4764331086978446
PRO65_O-ARG67_NH1-HH11,65,PRO,67,ARG,2.043031505407887
VAL66_O-LYS68_NZ-HZ3,66,VAL,68,LYS,2.319616984165408
