contact,donor position,donor residue,acceptor position,acceptor residue,median distance
GLU3_O-ALA5_N-H,3,GLU,5,ALA,2.6227281274935987
ALA4_O-ALA6_N-H,4,ALA,6,ALA,2.2466534033179424
PRO7_O-ALA10_N-H,7,PRO,10,ALA,2.12026422108034
HIE17_ND1-THR19_N-H,17,HIE,19,THR,2.381623408097261
PRO21_O-ASP24_N-H,21,PRO,24,ASP,2.553390390163735
VAL22_O-ASP24_N-H,22,VAL,24,ASP,2.1784122905808836
PRO31_O-GLU33_N-H,31,PRO,33,GLU,2.4609126742329615
PRO31_O-GLU34_N-H,31,PRO,34,GLU,2.4878426563069715
GLU34_OE1-GLN36_NE2-HE22,34,GLU,36,GLN,2.5322364297407427
GLU34_OE2-GLN36_N-H,34,GLU,36,GLN,2.069965847202965
GLU34_OE2-GLN36_NE2-HE22,34,GLU,36,GLN,2.2247785128453454
GLU34_O-VAL37_N-H,34,GLU,37,VAL,2.352722377405799
VAL37_O-ALA39_N-H,37,VAL,39,ALA,2.465669278605192
SER64_OG-ARG67_NH1-HH12,64,SER,67,ARG,1.953722094433947
SER64_OG-ARG67_NH2-HH22,64,SER,67,ARG,2.4764331086978446
PRO65_O-ARG67_NH1-HH11,65,PRO,67,ARG,1.966075384561982
VAL66_O-LYS68_NZ-HZ2,66,VAL,68,LYS,2.291889697051902
VAL66_O-LYS68_NZ-HZ3,66,VAL,68,LYS,2.439338069329283