hydrogen bonds,median distances
GLU3_O-ALA5_N-H,2.6227281274935987
ALA4_O-ALA6_N-H,2.2466534033179424
PRO7_O-ALA10_N-H,2.12026422108034
HIE17_ND1-THR19_N-H,2.381623408097261
PRO21_O-ASP24_N-H,2.553390390163735
VAL22_O-ASP24_N-H,2.1784122905808836
PRO31_O-GLU33_N-H,2.4609126742329615
PRO31_O-GLU34_N-H,2.4878426563069715
GLU34_OE1-GLN36_NE2-HE22,2.5322364297407427
GLU34_OE2-GLN36_N-H,2.069965847202965
GLU34_OE2-GLN36_NE2-HE22,2.2247785128453454
GLU34_O-VAL37_N-H,2.352722377405799
VAL37_O-ALA39_N-H,2.465669278605192
SER64_OG-ARG67_NH1-HH12,1.953722094433947
SER64_OG-ARG67_NH2-HH22,2.4764331086978446
PRO65_O-ARG67_NH1-HH11,1.966075384561982
VAL66_O-LYS68_NZ-HZ2,2.291889697051902
VAL66_O-LYS68_NZ-HZ3,2.439338069329283
