atoms: 1041
frames: 15
molecules: 1
residues: 73
size Gb: 0.00034902244806289673
